../Core/Src/main-bkup.c:90:1:__io_putchar	16	static
../Core/Src/main-bkup.c:106:6:HAL_I2C_SlaveTxCpltCallback	24	static
../Core/Src/main-bkup.c:127:6:HAL_I2C_SlaveRxCpltCallback	24	static
../Core/Src/main-bkup.c:149:6:HAL_I2C_AddrCallback	16	static
../Core/Src/main-bkup.c:190:6:HAL_I2C_ListenCpltCallback	16	static
../Core/Src/main-bkup.c:203:6:HAL_I2C_ErrorCallback	16	static
../Core/Src/main-bkup.c:223:5:main	8	static
../Core/Src/main-bkup.c:336:6:SystemClock_Config	88	static
../Core/Src/main-bkup.c:385:13:MX_I2C1_Init	8	static
../Core/Src/main-bkup.c:419:13:MX_RTC_Init	8	static
../Core/Src/main-bkup.c:450:13:MX_USART1_UART_Init	8	static
../Core/Src/main-bkup.c:483:13:MX_USB_PCD_Init	8	static
../Core/Src/main-bkup.c:514:13:MX_GPIO_Init	40	static
../Core/Src/main-bkup.c:549:6:Error_Handler	4	static,ignoring_inline_asm
