../Core/Src/main.c:100:1:__io_putchar	16	static
../Core/Src/main.c:108:7:exec_i2c_cmd	24	static
../Core/Src/main.c:127:6:HAL_UARTEx_RxEventCallback	16	static
../Core/Src/main.c:182:6:HAL_I2C_SlaveTxCpltCallback	24	static
../Core/Src/main.c:203:6:HAL_I2C_SlaveRxCpltCallback	40	static
../Core/Src/main.c:233:6:HAL_I2C_AddrCallback	16	static
../Core/Src/main.c:273:6:HAL_I2C_ListenCpltCallback	16	static
../Core/Src/main.c:288:6:HAL_I2C_ErrorCallback	16	static
../Core/Src/main.c:315:5:main	8	static
../Core/Src/main.c:413:6:SystemClock_Config	88	static
../Core/Src/main.c:462:13:MX_I2C1_Init	8	static
../Core/Src/main.c:496:13:MX_RTC_Init	8	static
../Core/Src/main.c:527:13:MX_USART1_UART_Init	8	static
../Core/Src/main.c:560:13:MX_USB_PCD_Init	8	static
../Core/Src/main.c:589:13:MX_DMA_Init	16	static
../Core/Src/main.c:607:13:MX_GPIO_Init	40	static
../Core/Src/main.c:642:6:Error_Handler	4	static,ignoring_inline_asm
