../Core/Src/main.c:100:1:__io_putchar	16	static
../Core/Src/main.c:108:7:exec_i2c_cmd	8	static
../Core/Src/main.c:127:6:HAL_UARTEx_RxEventCallback	8	static
../Core/Src/main.c:182:6:HAL_I2C_SlaveTxCpltCallback	16	static
../Core/Src/main.c:203:6:HAL_I2C_SlaveRxCpltCallback	24	static
../Core/Src/main.c:233:6:HAL_I2C_AddrCallback	0	static
../Core/Src/main.c:273:6:HAL_I2C_ListenCpltCallback	8	static
../Core/Src/main.c:288:6:HAL_I2C_ErrorCallback	8	static,ignoring_inline_asm
../Core/Src/main.c:413:6:SystemClock_Config	96	static,ignoring_inline_asm
../Core/Src/main.c:315:5:main	40	static,ignoring_inline_asm
../Core/Src/main.c:642:6:Error_Handler	0	static,ignoring_inline_asm
